Script started on Fri 17 Apr 2015 05:47:48 PM PDT
~
kluu006@hammer $ exitbin/rshellls[Kmakecd Desktop/assignment0/rshell/[C[C[C[C[C[C[C[C[C[C[C[C[C[C[C[C[Cexit[K[2Plscd Desktop/assignment0/rshell/[C[C[C[C[C[C[C[C[C[C[C[C[C[C[C[C[Cls[Kexitcd Desktop/assignment0/rshell/[C[C[C[C[C[C[C[C[C[C[C[C[C[C[C[C[Cmake[Kcd Desktop/assignment0/rshell/
~/Desktop/assignment0/rshell
kluu006@hammer $ ;s[K[Kls
exec.script  LICENSE  Makefile  README.md  [0m[01;34msrc[0m/  [01;34mtest[0m/
[m~/Desktop/assignment0/rshell
kluu006@hammer $ make &&[K[K[K[Ke && bin/rshell
mkdir -p ./bin
g++ -ansi -pedantic -Wall -Werror ./src/main.cpp -o ./bin/rshell
kluu006@hammer.cs.ucr.edu:$ ls
bin  exec.script  LICENSE  Makefile  README.md	src  test
kluu006@hammer.cs.ucr.edu:$ ls;
bin  exec.script  LICENSE  Makefile  README.md	src  test
kluu006@hammer.cs.ucr.edu:$ ls; pwd
bin  exec.script  LICENSE  Makefile  README.md	src  test
/home/csmajs/kluu006/Desktop/assignment0/rshell
kluu006@hammer.cs.ucr.edu:$ ls -a; 
.  ..  bin  exec.script  .git  LICENSE	Makefile  README.md  src  test
kluu006@hammer.cs.ucr.edu:$ ls -a ;  ;
.  ..  bin  exec.script  .git  LICENSE	Makefile  README.md  src  test
kluu006@hammer.cs.ucr.edu:$ ls -a -  l
total 36
drwx------ 6 kluu006 csmajs 4096 Apr 17 17:42 .
drwx------ 4 kluu006 csmajs 4096 Apr 14 20:54 ..
drwx------ 2 kluu006 csmajs 4096 Apr 17 17:42 bin
-rw------- 1 kluu006 csmajs    0 Apr 17 17:42 exec.script
drwx------ 8 kluu006 csmajs 4096 Apr 17 17:18 .git
-rw------- 1 kluu006 csmajs 1472 Apr 14 20:54 LICENSE
-rw------- 1 kluu006 csmajs  272 Apr 14 20:55 Makefile
-rw------- 1 kluu006 csmajs 1202 Apr 17 17:16 README.md
drwx------ 2 kluu006 csmajs 4096 Apr 17 17:16 src
drwx------ 2 kluu006 csmajs 4096 Apr 17 17:19 test
kluu006@hammer.cs.ucr.edu:$ ls -a -b -c -d -f -g -h -i -m -n -o
24819668 drwx------ 6 4.0K Apr 17 17:42 .
kluu006@hammer.cs.ucr.edu:$ echo hello
hello
kluu006@hammer.cs.ucr.edu:$ echo #hello

kluu006@hammer.cs.ucr.edu:$ echo " "hello"
"hello"
kluu006@hammer.cs.ucr.edu:$ ehco  cho    cho "ehl   hello  " > asdas
"hello" > asdas
kluu006@hammer.cs.ucr.edu:$ ls }}}   || pwd; 
bin  exec.script  LICENSE  Makefile  README.md	src  test
kluu006@hammer.cs.ucr.edu:$ ls || pwd;
bin  exec.script  LICENSE  Makefile  README.md	src  test
kluu006@hammer.cs.ucr.edu:$ ls }|  || pwd || ls || ps
bin  exec.script  LICENSE  Makefile  README.md	src  test
kluu006@hammer.cs.ucr.edu:$ garbage || pwd
execvp: No such file or directory
/home/csmajs/kluu006/Desktop/assignment0/rshell
kluu006@hammer.cs.ucr.edu:$ gasdw || asdsa || pwd
execvp: No such file or directory
execvp: No such file or directory
/home/csmajs/kluu006/Desktop/assignment0/rshell
kluu006@hammer.cs.ucr.edu:$ pwd || garn bage
/home/csmajs/kluu006/Desktop/assignment0/rshell
kluu006@hammer.cs.ucr.edu:$ ls && pwd
bin  exec.script  LICENSE  Makefile  README.md	src  test
/home/csmajs/kluu006/Desktop/assignment0/rshell
kluu006@hammer.cs.ucr.edu:$ ls && pwd;
bin  exec.script  LICENSE  Makefile  README.md	src  test
/home/csmajs/kluu006/Desktop/assignment0/rshell
kluu006@hammer.cs.ucr.edu:$ ls && pwd && ls &&p  ps
bin  exec.script  LICENSE  Makefile  README.md	src  test
/home/csmajs/kluu006/Desktop/assignment0/rshell
bin  exec.script  LICENSE  Makefile  README.md	src  test
  PID TTY          TIME CMD
20983 pts/92   00:00:00 bash
21055 pts/92   00:00:00 rshell
21522 pts/92   00:00:00 ps
kluu006@hammer.cs.ucr.edu:$ ls;ls;ls
bin  exec.script  LICENSE  Makefile  README.md	src  test
bin  exec.script  LICENSE  Makefile  README.md	src  test
bin  exec.script  LICENSE  Makefile  README.md	src  test
kluu006@hammer.cs.ucr.edu:$ ls  ;                      ls;
bin  exec.script  LICENSE  Makefile  README.md	src  test
bin  exec.script  LICENSE  Makefile  README.md	src  test
kluu006@hammer.cs.ucr.edu:$ ls                   -a;
.  ..  bin  exec.script  .git  LICENSE	Makefile  README.md  src  test
kluu006@hammer.cs.ucr.edu:$ pwd  ||ls||ls
/home/csmajs/kluu006/Desktop/assignment0/rshell
kluu006@hammer.cs.ucr.edu:$ pwd                 || ls |pwd    } || pwd
/home/csmajs/kluu006/Desktop/assignment0/rshell
kluu006@hammer.cs.ucr.edu:$ garbage ||            || pwd
execvp: No such file or directory
/home/csmajs/kluu006/Desktop/assignment0/rshell
kluu006@hammer.cs.ucr.edu:$ ls && garb    asdsa
bin  exec.script  LICENSE  Makefile  README.md	src  test
execvp: No such file or directory
kluu006@hammer.cs.ucr.edu:$ ls   & s&&pwd
bin  exec.script  LICENSE  Makefile  README.md	src  test
/home/csmajs/kluu006/Desktop/assignment0/rshell
kluu006@hammer.cs.ucr.edu:$ garbage&&ls
execvp: No such file or directory
kluu006@hammer.cs.ucr.edu:$ garbage&&ls&&ls&&pwd
execvp: No such file or directory
kluu006@hammer.cs.ucr.edu:$ true || pwd
kluu006@hammer.cs.ucr.edu:$ false || pwd
/home/csmajs/kluu006/Desktop/assignment0/rshell
kluu006@hammer.cs.ucr.edu:$ false || pwd || ls || [wd   pwd
/home/csmajs/kluu006/Desktop/assignment0/rshell
kluu006@hammer.cs.ucr.edu:$ fa  true || pwd || ls
kluu006@hammer.cs.ucr.edu:$ true && pwd
/home/csmajs/kluu006/Desktop/assignment0/rshell
kluu006@hammer.cs.ucr.edu:$ true * && pwd && pwd && pwd
/home/csmajs/kluu006/Desktop/assignment0/rshell
/home/csmajs/kluu006/Desktop/assignment0/rshell
/home/csmajs/kluu006/Desktop/assignment0/rshell
kluu006@hammer.cs.ucr.edu:$ false && pwd && pwd && pwd
kluu006@hammer.cs.ucr.edu:$ true asdsadas
kluu006@hammer.cs.ucr.edu:$ false asdsadsa
kluu006@hammer.cs.ucr.edu:$ true asdas || ls s
kluu006@hammer.cs.ucr.edu:$ tre ue asdsa ||  && ls
bin  exec.script  LICENSE  Makefile  README.md	src  test
kluu006@hammer.cs.ucr.edu:$ false asdasdsa || ;s  ls
bin  exec.script  LICENSE  Makefile  README.md	src  test
kluu006@hammer.cs.ucr.edu:$ fas lse asdsa && ls
kluu006@hammer.cs.ucr.edu:$ true && false || pwd
/home/csmajs/kluu006/Desktop/assignment0/rshell
kluu006@hammer.cs.ucr.edu:$ pwd && false || pwd
/home/csmajs/kluu006/Desktop/assignment0/rshell
/home/csmajs/kluu006/Desktop/assignment0/rshell
kluu006@hammer.cs.ucr.edu:$ pwd && ;s  ls | && traj sh || pwd
/home/csmajs/kluu006/Desktop/assignment0/rshell
bin  exec.script  LICENSE  Makefile  README.md	src  test
execvp: No such file or directory
/home/csmajs/kluu006/Desktop/assignment0/rshell
kluu006@hammer.cs.ucr.edu:$ pwd || ls ||l    ls || ls || ls && ls  ps && [wd   clear     cat hello         echo hello
/home/csmajs/kluu006/Desktop/assignment0/rshell
  PID TTY          TIME CMD
20983 pts/92   00:00:00 bash
21055 pts/92   00:00:00 rshell
22279 pts/92   00:00:00 ps
hello
kluu006@hammer.cs.ucr.edu:$ ls -a && ls
.  ..  bin  exec.script  .git  LICENSE	Makefile  README.md  src  test
bin  exec.script  LICENSE  Makefile  README.md	src  test
kluu006@hammer.cs.ucr.edu:$ #checeked     cked for            pwd&&   ;s  ls &&dasdas||;s  ls
/home/csmajs/kluu006/Desktop/assignment0/rshell
bin  exec.script  LICENSE  Makefile  README.md	src  test
execvp: No such file or directory
bin  exec.script  LICENSE  Makefile  README.md	src  test
kluu006@hammer.cs.ucr.edu:$ && ls
kluu006@hammer.cs.ucr.edu:$ #in f empty command  , t returns false
kluu006@hammer.cs.ucr.edu:$ ls || ls        || ls
bin  exec.script  LICENSE  Makefile  README.md	src  test
kluu006@hammer.cs.ucr.edu:$ pwd && &&ls && ls ^[[D^[[D                           && ls || pwd
/home/csmajs/kluu006/Desktop/assignment0/rshell
/home/csmajs/kluu006/Desktop/assignment0/rshell
kluu006@hammer.cs.ucr.edu:$ || || || || || || || pwd
/home/csmajs/kluu006/Desktop/assignment0/rshell
kluu006@hammer.cs.ucr.edu:$ #as long as there is an even amount of |, it wa ill return false^[[D^[[D^[[D^[[D^[[D^[[D^[[D^[[D^[[D^[[D^[[D^[[D^[[D^[[D^[[D                                                 
kluu006@hammer.cs.ucr.edu:$ #as long as there is an even amount of &, it will return false
kluu006@hammer.cs.ucr.edu:$ && &
kluu006@hammer.cs.ucr.edu:$ & &&
execvp: No such file or directory
kluu006@hammer.cs.ucr.edu:$ # a s    a single & or | is considered a "command"
kluu006@hammer.cs.ucr.edu:$ | ||
execvp: No such file or directory
kluu006@hammer.cs.ucr.edu:$ ||  || pwd
execvp: No such file or directory
/home/csmajs/kluu006/Desktop/assignment0/rshell
kluu006@hammer.cs.ucr.edu:$ ps
  PID TTY          TIME CMD
20983 pts/92   00:00:00 bash
21055 pts/92   00:00:00 rshell
22869 pts/92   00:00:00 ps
kluu006@hammer.cs.ucr.edu:$ bin/rshell
kluu006@hammer.cs.ucr.edu:$ bin/rshell
kluu006@hammer.cs.ucr.edu:$ bin/rshell
kluu006@hammer.cs.ucr.edu:$ ps
  PID TTY          TIME CMD
20983 pts/92   00:00:00 bash
21055 pts/92   00:00:00 rshell
22885 pts/92   00:00:00 rshell
22924 pts/92   00:00:00 rshell
22925 pts/92   00:00:00 rshell
22928 pts/92   00:00:00 ps
kluu006@hammer.cs.ucr.edu:$ #entered all   =         went into rshell multiple times                               rshell inceptions 
kluu006@hammer.cs.ucr.edu:$ # to exit  , type exit
kluu006@hammer.cs.ucr.edu:$ ps
  PID TTY          TIME CMD
20983 pts/92   00:00:00 bash
21055 pts/92   00:00:00 rshell
22885 pts/92   00:00:00 rshell
22924 pts/92   00:00:00 rshell
22925 pts/92   00:00:00 rshell
23009 pts/92   00:00:00 ps
kluu006@hammer.cs.ucr.edu:$ exit
kluu006@hammer.cs.ucr.edu:$ exit
kluu006@hammer.cs.ucr.edu:$ ps
  PID TTY          TIME CMD
20983 pts/92   00:00:00 bash
21055 pts/92   00:00:00 rshell
22885 pts/92   00:00:00 rshell
23020 pts/92   00:00:00 ps
kluu006@hammer.cs.ucr.edu:$ exit
kluu006@hammer.cs.ucr.edu:$ # ls
bin  exec.script  LICENSE  Makefile  README.md	src  test
kluu006@hammer.cs.ucr.edu:$ ps
  PID TTY          TIME CMD
20983 pts/92   00:00:00 bash
21055 pts/92   00:00:00 rshell
23048 pts/92   00:00:00 ps
kluu006@hammer.cs.ucr.edu:$ #now were   are on  in the ori iginal rshell
kluu006@hammer.cs.ucr.edu:$ ;;;;;;;;;;;
kluu006@hammer.cs.ucr.edu:$ ;;;;;;;pwd
/home/csmajs/kluu006/Desktop/assignment0/rshell
kluu006@hammer.cs.ucr.edu:$ ls;;;;;;k ls;;;;pwd
bin  exec.script  LICENSE  Makefile  README.md	src  test
bin  exec.script  LICENSE  Makefile  README.md	src  test
/home/csmajs/kluu006/Desktop/assignment0/rshell
kluu006@hammer.cs.ucr.edu:$ ls || ls || asdsad && asdsad || pwd && ; sadas;
bin  exec.script  LICENSE  Makefile  README.md	src  test
execvp: No such file or directory
/home/csmajs/kluu006/Desktop/assignment0/rshell
execvp: No such file or directory
kluu006@hammer.cs.ucr.edu:$ #exit will t dise regard any a extra argue=  ments,   
kluu006@hammer.cs.ucr.edu:$ exit
~/Desktop/assignment0/rshell
kluu006@hammer $ make && bin/rshell
mkdir -p ./bin
g++ -ansi -pedantic -Wall -Werror ./src/main.cpp -o ./bin/rshell
kluu006@hammer.cs.ucr.edu:$ #exit as a command           fter commands
kluu006@hammer.cs.ucr.edu:$ ls || exit
bin  exec.script  LICENSE  Makefile  README.md	src  test
kluu006@hammer.cs.ucr.edu:$ ls && exit
bin  exec.script  LICENSE  Makefile  README.md	src  test
~/Desktop/assignment0/rshell
kluu006@hammer $ make && bin/rshell
mkdir -p ./bin
g++ -ansi -pedantic -Wall -Werror ./src/main.cpp -o ./bin/rshell
kluu006@hammer.cs.ucr.edu:$ # exit || ls
~/Desktop/assignment0/rshell
kluu006@hammer $ make && bin/rshell
mkdir -p ./bin
g++ -ansi -pedantic -Wall -Werror ./src/main.cpp -o ./bin/rshell
kluu006@hammer.cs.ucr.edu:$ #exited without doing the rest
kluu006@hammer.cs.ucr.edu:$ ls#thisi  is commento
bin  exec.script  LICENSE  Makefile  README.md	src  test
kluu006@hammer.cs.ucr.edu:$ vim Makefile e
7[?47h[?1h=[1;37r[m[H[2J[37;1H"Makefile" 13L, 272C[>c[1;1H[36mCOMPILER [m= g++
[36mCFLAGS [m= -ansi -pedantic -Wall -Werror
[36mRESULT [m= ./bin/rshell
[36mDIRECTORY [m= ./src/main.cpp
[36mall: [m
[31m        mkdir -p ./bin
        [m[36m$(COMPILER)[m[31m [m[36m$(CFLAGS)[m[31m [m[36m$(DIRECTORY)[m[31m -o [m[36m$(RESULT)

rshell: [m
[31m        mkdir -p ./bin
        [m[36m$(COMPILER)[m[31m [m[36m$(CFLAGS)[m[31m [m[36m$(DIRECTORY)[m[31m -o [m[36m$(RESULT)[m[31m  [m
[36mclean:[m
[31m        rm -rf ./bin[m
[1m[34m~                                                                                                                                   [15;1H~                                                                                                                                   [16;1H~                                                                                                                                   [17;1H~                                                                                                                                   [18;1H~                                                                                                                                   [19;1H~                                                                                                                                   [20;1H~                                                                                                                                   [21;1H~                                                                                                                                   [22;1H~                                                                                                                                   [23;1H~                                                                                                                                   [24;1H~                                                                                                                                   [25;1H~                                                                                                                                   [26;1H~                                                                                                                                   [27;1H~                                                                                                                                   [28;1H~                                                                                                                                   [29;1H~                                                                                                                                   [30;1H~                                                                                                                                   [31;1H~                                                                                                                                   [32;1H~                                                                                                                                   [33;1H~                                                                                                                                   [34;1H~                                                                                                                                   [35;1H~                                                                                                                                   [36;1H~                                                                                                                                   [m[37;115H1,1[11CAll[1;1HP+q436f\P+q6b75\P+q6b64\P+q6b72\P+q6b6c\P+q2332\P+q2334\P+q2569\P+q2a37\P+q6b31\[37;1H[K[37;1H:q[37;1H[K[37;1H[?1l>[2J[?47l8kluu006@hammer.cs.ucr.edu:$ ps
  PID TTY          TIME CMD
20983 pts/92   00:00:00 bash
23401 pts/92   00:00:00 rshell
23612 pts/92   00:00:00 ps
kluu006@hammer.cs.ucr.edu:$ cat make    Makefile
COMPILER = g++
CFLAGS = -ansi -pedantic -Wall -Werror
RESULT = ./bin/rshell
DIRECTORY = ./src/main.cpp
all: 
	mkdir -p ./bin
	$(COMPILER) $(CFLAGS) $(DIRECTORY) -o $(RESULT)

rshell: 
	mkdir -p ./bin
	$(COMPILER) $(CFLAGS) $(DIRECTORY) -o $(RESULT)  
clean:
	rm -rf ./bin
kluu006@hammer.cs.ucr.edu:$ cat README.md
# rshell

Rshell is my version of the BASH terminal. Rshell can run commands using connectors such as `;` and `||` and `&&` or no connectors at all. Anything after a `#` will be considered a comment, and is disregarded when runnings commands.

The connector `||` means that if the first command is true, then do not run the second command. If the first command is false, then run the second command.

The connector `&&` means that if the first command is true, then run the second command. If the first command is false, then does not run the second command.

The connector `;` will run any command if the command is true.

Running the command `true` will return true. Running the command `false` will return false.

**EDGE CASES:**
Having an empty command returns false. There is no error output.

Comments are marked as `#`. Anything after the comment will not be ran.

## How to run rshell

```
$git clone https://github.com/kluu006/rshell.git
$cd rshell
$git checkout hw0
$make
$bin/rshell

```
## Bugs / Limitations

```
Anything under quotes will not work.
echo can output standard in; however, cannot write to a file with quotations.

```

## Licensing

Licensing can be found [here](/LICENSE).
kluu006@hammer.cs.ucr.edu:$ #goodbye
kluu006@hammer.cs.ucr.edu:$ # =)
kluu006@hammer.cs.ucr.edu:$ exit
~/Desktop/assignment0/rshell
kluu006@hammer $ exit
exit

Script done on Fri 17 Apr 2015 06:08:19 PM PDT
